{"scenario":"ws3-security","action":"process-started","elapsedMs":6.382820000000038,"role":"redis","pid":10243}
{"scenario":"ws3-security","action":"process-started","elapsedMs":38.84393799999998,"role":"ws3-server","pid":10253}
{"scenario":"ws3-security","action":"http-observation","elapsedMs":932.5618170000002,"route":"/readyz","status":200,"body":{"instance":"ws3-4238f126-cb7d-48d6-9a1a-8dc256eb80be","ready":true,"draining":false,"reason":"subscribed","changedAt":"2026-09-05T15:31:53.881Z","redis":{"status":"ready","subscribed":true}}}
{"scenario":"ws3-security","action":"upgrade-rejected","elapsedMs":954.2805229999999,"status":403}
{"scenario":"ws3-security","action":"upgrade-rejected","elapsedMs":974.9095860000002,"status":403}
{"scenario":"ws3-security","action":"upgrade-rejected","elapsedMs":995.3520509999998,"status":403}
{"scenario":"ws3-security","action":"upgrade-rejected","elapsedMs":1016.3822279999999,"status":403}
{"scenario":"ws3-security","action":"upgrade-rejected","elapsedMs":1037.3164660000002,"status":403}
{"scenario":"ws3-security","action":"upgrade-rejected","elapsedMs":1058.1981150000001,"status":404}
{"scenario":"ws3-security","action":"valid-event-after-invalid-input","elapsedMs":1408.481261,"event":{"type":"event","channel":"safe:channel","data":{"marker":"after-invalid-input"},"publishedAt":1788622314374,"relayedBy":"ws3-4238f126-cb7d-48d6-9a1a-8dc256eb80be","relayedAt":1788622314382}}
{"scenario":"ws3-security","action":"binary-close","elapsedMs":1448.976576,"code":1003,"reason":"text JSON required"}
{"scenario":"ws3-security","action":"oversized-close","elapsedMs":1489.812907,"code":1009,"reason":""}
{"scenario":"ws3-security","action":"http-observation","elapsedMs":1491.432104,"route":"/metrics","status":200,"body":{"instance":"ws3-4238f126-cb7d-48d6-9a1a-8dc256eb80be","uptimeSeconds":1,"rss":79249408,"heapUsed":13877688,"eventLoop":{"meanDelayMs":19.987387733333335,"p99DelayMs":20.692991,"maxDelayMs":20.692991,"utilization":0.05513318223735548},"connectionsTotal":3,"connectionsClosed":2,"socketErrors":0,"invalidMessages":12,"oversizedMessages":1,"subscriptionRejections":1,"rateLimitedConnections":0,"rejectedUpgrades":6,"unreadyUpgrades":0,"malformedEnvelopes":7,"envelopesReceived":1,"delivered":1,"dropped":0,"reapedConnections":0,"redisErrors":0,"redisReconnects":0,"redisCheckFailures":0,"redisSubscriptionAcks":1,"readinessTransitions":2,"readiness":{"ready":true,"draining":false,"reason":"subscribed","changedAt":"2026-09-05T15:31:53.881Z","redis":{"status":"ready","subscribed":true}},"hub":{"channels":2,"connections":1,"messagesSent":1,"messagesDropped":0,"slowConsumersKicked":0}}}
{"scenario":"ws3-security","action":"http-observation","elapsedMs":1492.3177719999999,"route":"/healthz","status":200,"body":{"ok":true,"instance":"ws3-4238f126-cb7d-48d6-9a1a-8dc256eb80be"}}
{"scenario":"ws3-security","action":"process-exit","elapsedMs":1749.793542,"role":"ws3-server","pid":10253,"code":null,"signal":"SIGKILL"}
{"scenario":"ws3-security","action":"process-exit","elapsedMs":1765.775799,"role":"redis","pid":10243,"code":null,"signal":"SIGKILL"}
{"scenario":"ws3-security","action":"owned-resources-cleaned","elapsedMs":1785.0253400000001}
{"scenario":"ws3-rate","action":"process-started","elapsedMs":2.439284999999927,"role":"redis","pid":10265}
{"scenario":"ws3-rate","action":"process-started","elapsedMs":28.166271999999935,"role":"ws3-server","pid":10271}
{"scenario":"ws3-rate","action":"http-observation","elapsedMs":899.4758380000003,"route":"/readyz","status":200,"body":{"instance":"ws3-1b655038-3532-43e9-b2db-62ae3d3e90af","ready":true,"draining":false,"reason":"subscribed","changedAt":"2026-09-05T15:31:55.662Z","redis":{"status":"ready","subscribed":true}}}
{"scenario":"ws3-rate","action":"http-observation","elapsedMs":982.4701700000005,"route":"/metrics","status":200,"body":{"instance":"ws3-1b655038-3532-43e9-b2db-62ae3d3e90af","uptimeSeconds":0,"rss":74420224,"heapUsed":12776040,"eventLoop":{"meanDelayMs":20.328448,"p99DelayMs":21.020671,"maxDelayMs":21.020671,"utilization":0.17997306665102072},"connectionsTotal":2,"connectionsClosed":1,"socketErrors":0,"invalidMessages":3,"oversizedMessages":0,"subscriptionRejections":0,"rateLimitedConnections":1,"rejectedUpgrades":0,"unreadyUpgrades":0,"malformedEnvelopes":0,"envelopesReceived":0,"delivered":0,"dropped":0,"reapedConnections":0,"redisErrors":0,"redisReconnects":0,"redisCheckFailures":0,"redisSubscriptionAcks":1,"readinessTransitions":2,"readiness":{"ready":true,"draining":false,"reason":"subscribed","changedAt":"2026-09-05T15:31:55.662Z","redis":{"status":"ready","subscribed":true}},"hub":{"channels":0,"connections":1,"messagesSent":0,"messagesDropped":0,"slowConsumersKicked":0}}}
{"scenario":"ws3-rate","action":"rate-close","elapsedMs":982.4743200000003,"code":1008,"reason":"message rate exceeded"}
{"scenario":"ws3-rate","action":"process-exit","elapsedMs":1236.9513619999998,"role":"ws3-server","pid":10271,"code":null,"signal":"SIGKILL"}
{"scenario":"ws3-rate","action":"process-exit","elapsedMs":1253.992295,"role":"redis","pid":10265,"code":null,"signal":"SIGKILL"}
{"scenario":"ws3-rate","action":"owned-resources-cleaned","elapsedMs":1274.1149340000002}
{"scenario":"ws3-readiness","action":"process-started","elapsedMs":2.11428000000069,"role":"redis","pid":10290}
{"scenario":"ws3-readiness","action":"signal","elapsedMs":24.316141000000243,"pid":10290,"signal":"SIGKILL"}
{"scenario":"ws3-readiness","action":"process-exit","elapsedMs":24.998031000000083,"role":"redis","pid":10290,"code":null,"signal":"SIGKILL"}
{"scenario":"ws3-readiness","action":"process-started","elapsedMs":47.41259799999989,"role":"ws3-server","pid":10296}
{"scenario":"ws3-readiness","action":"http-observation","elapsedMs":917.5425960000002,"route":"/readyz","status":503,"body":{"instance":"ws3-c08f6628-b1ae-4287-bb3f-b5aa4fbb671b","ready":false,"draining":false,"reason":"redis-unavailable","changedAt":"2026-09-05T15:31:56.946Z","redis":{"status":"reconnecting","subscribed":false}}}
{"scenario":"ws3-readiness","action":"http-observation","elapsedMs":918.6751400000003,"route":"/healthz","status":200,"body":{"ok":true,"instance":"ws3-c08f6628-b1ae-4287-bb3f-b5aa4fbb671b"}}
{"scenario":"ws3-readiness","action":"upgrade-rejected","elapsedMs":939.1240750000006,"status":503}
{"scenario":"ws3-readiness","action":"process-started","elapsedMs":940.9813490000006,"role":"redis","pid":10306}
{"scenario":"ws3-readiness","action":"http-observation","elapsedMs":1009.7740600000006,"route":"/readyz","status":200,"body":{"instance":"ws3-c08f6628-b1ae-4287-bb3f-b5aa4fbb671b","ready":true,"draining":false,"reason":"subscribed","changedAt":"2026-09-05T15:31:57.053Z","redis":{"status":"ready","subscribed":true}}}
{"scenario":"ws3-readiness","action":"Redis-subscriber-count","elapsedMs":1010.1074560000006,"count":1}
{"scenario":"ws3-readiness","action":"client-open","elapsedMs":1030.7585370000006,"id":"same-client","instanceId":"ws3-c08f6628-b1ae-4287-bb3f-b5aa4fbb671b"}
{"scenario":"ws3-readiness","action":"subscription-ack","elapsedMs":1051.0679040000005,"client":"same-client"}
{"scenario":"ws3-readiness","action":"published","elapsedMs":1051.473379,"id":"7d003a99-88da-472c-8d60-80c648abcf45/0","label":"ready-before-outage","redisSubscribers":1}
{"scenario":"ws3-readiness","action":"signal","elapsedMs":1071.135494,"pid":10306,"signal":"SIGKILL"}
{"scenario":"ws3-readiness","action":"process-exit","elapsedMs":1072.4553460000006,"role":"redis","pid":10306,"code":null,"signal":"SIGKILL"}
{"scenario":"ws3-readiness","action":"http-observation","elapsedMs":1093.4756630000002,"route":"/readyz","status":503,"body":{"instance":"ws3-c08f6628-b1ae-4287-bb3f-b5aa4fbb671b","ready":false,"draining":false,"reason":"redis-unavailable","changedAt":"2026-09-05T15:31:57.118Z","redis":{"status":"reconnecting","subscribed":false}}}
{"scenario":"ws3-readiness","action":"http-observation","elapsedMs":1094.2191520000006,"route":"/healthz","status":200,"body":{"ok":true,"instance":"ws3-c08f6628-b1ae-4287-bb3f-b5aa4fbb671b"}}
{"scenario":"ws3-readiness","action":"upgrade-rejected","elapsedMs":1114.2405830000007,"status":503}
{"scenario":"ws3-readiness","action":"process-started","elapsedMs":1116.1638760000005,"role":"redis","pid":10316}
{"scenario":"ws3-readiness","action":"http-observation","elapsedMs":1182.1451260000003,"route":"/readyz","status":200,"body":{"instance":"ws3-c08f6628-b1ae-4287-bb3f-b5aa4fbb671b","ready":true,"draining":false,"reason":"subscribed","changedAt":"2026-09-05T15:31:57.220Z","redis":{"status":"ready","subscribed":true}}}
{"scenario":"ws3-readiness","action":"Redis-subscriber-count","elapsedMs":1182.3363140000001,"count":1}
{"scenario":"ws3-readiness","action":"published","elapsedMs":1183.9558610000004,"id":"7d003a99-88da-472c-8d60-80c648abcf45/1","label":"ready-after-outage","redisSubscribers":1}
{"scenario":"ws3-readiness","action":"signal","elapsedMs":1204.5876230000003,"pid":10316,"signal":"SIGSTOP"}
{"scenario":"ws3-readiness","action":"http-observation","elapsedMs":1893.2736610000002,"route":"/readyz","status":503,"body":{"instance":"ws3-c08f6628-b1ae-4287-bb3f-b5aa4fbb671b","ready":false,"draining":false,"reason":"redis-check-failed","changedAt":"2026-09-05T15:31:57.937Z","redis":{"status":"ready","subscribed":false}}}
{"scenario":"ws3-readiness","action":"http-observation","elapsedMs":1893.888363,"route":"/healthz","status":200,"body":{"ok":true,"instance":"ws3-c08f6628-b1ae-4287-bb3f-b5aa4fbb671b"}}
{"scenario":"ws3-readiness","action":"upgrade-rejected","elapsedMs":1914.1029710000003,"status":503}
{"scenario":"ws3-readiness","action":"signal","elapsedMs":1914.1149110000006,"pid":10316,"signal":"SIGCONT"}
{"scenario":"ws3-readiness","action":"http-observation","elapsedMs":2019.0039690000003,"route":"/readyz","status":200,"body":{"instance":"ws3-c08f6628-b1ae-4287-bb3f-b5aa4fbb671b","ready":true,"draining":false,"reason":"subscribed","changedAt":"2026-09-05T15:31:58.062Z","redis":{"status":"ready","subscribed":true}}}
{"scenario":"ws3-readiness","action":"Redis-subscriber-count","elapsedMs":2019.2710550000002,"count":1}
{"scenario":"ws3-readiness","action":"published","elapsedMs":2019.4746220000006,"id":"7d003a99-88da-472c-8d60-80c648abcf45/2","label":"ready-after-stall","redisSubscribers":1}
{"scenario":"ws3-readiness","action":"http-observation","elapsedMs":2040.7247960000004,"route":"/metrics","status":200,"body":{"instance":"ws3-c08f6628-b1ae-4287-bb3f-b5aa4fbb671b","uptimeSeconds":1,"rss":75333632,"heapUsed":14406600,"eventLoop":{"meanDelayMs":20.047261192982457,"p99DelayMs":20.856831,"maxDelayMs":20.856831,"utilization":0.03569854927736303},"connectionsTotal":1,"connectionsClosed":0,"socketErrors":0,"invalidMessages":0,"oversizedMessages":0,"subscriptionRejections":0,"rateLimitedConnections":0,"rejectedUpgrades":0,"unreadyUpgrades":3,"malformedEnvelopes":0,"envelopesReceived":3,"delivered":3,"dropped":0,"reapedConnections":0,"redisErrors":1,"redisReconnects":3,"redisCheckFailures":2,"redisSubscriptionAcks":3,"readinessTransitions":10,"readiness":{"ready":true,"draining":false,"reason":"subscribed","changedAt":"2026-09-05T15:31:58.062Z","redis":{"status":"ready","subscribed":true}},"hub":{"channels":1,"connections":1,"messagesSent":3,"messagesDropped":0,"slowConsumersKicked":0}}}
{"scenario":"ws3-readiness","action":"signal","elapsedMs":2040.8171740000007,"pid":10296,"signal":"SIGTERM"}
{"scenario":"ws3-readiness","action":"http-observation","elapsedMs":2061.681445,"route":"/readyz","status":503,"body":{"instance":"ws3-c08f6628-b1ae-4287-bb3f-b5aa4fbb671b","ready":false,"draining":true,"reason":"draining","changedAt":"2026-09-05T15:31:58.087Z","redis":{"status":"ready","subscribed":false}}}
{"scenario":"ws3-readiness","action":"upgrade-rejected","elapsedMs":2081.7696450000003,"status":503}
{"scenario":"ws3-readiness","action":"client-close","elapsedMs":2082.6458920000005,"id":"same-client","code":1001,"reason":"server shutting down"}
{"scenario":"ws3-readiness","action":"process-exit","elapsedMs":2089.1241120000004,"role":"ws3-server","pid":10296,"code":0,"signal":null}
{"scenario":"ws3-readiness","action":"process-exit","elapsedMs":2353.15574,"role":"redis","pid":10316,"code":null,"signal":"SIGKILL"}
{"scenario":"ws3-readiness","action":"owned-resources-cleaned","elapsedMs":2372.2856840000004}
{"scenario":"ws3-subscription-ack","action":"process-started","elapsedMs":2.3686470000002373,"role":"redis","pid":10329}
{"scenario":"ws3-subscription-ack","action":"process-started","elapsedMs":28.863177999999607,"role":"ws3-server","pid":10335}
{"scenario":"ws3-subscription-ack","action":"http-observation","elapsedMs":916.8346270000002,"route":"/readyz","status":503,"body":{"instance":"ws3-1b489d2e-c5a8-4f24-9bf4-46bb2c1e16a6","ready":false,"draining":false,"reason":"redis-unavailable","changedAt":"2026-09-05T15:31:59.325Z","redis":{"status":"reconnecting","subscribed":false}}}
{"scenario":"ws3-subscription-ack","action":"http-observation","elapsedMs":917.3777689999997,"route":"/healthz","status":200,"body":{"ok":true,"instance":"ws3-1b489d2e-c5a8-4f24-9bf4-46bb2c1e16a6"}}
{"scenario":"ws3-subscription-ack","action":"upgrade-rejected","elapsedMs":936.7010300000002,"status":503}
{"scenario":"ws3-subscription-ack","action":"http-observation","elapsedMs":1025.4819319999997,"route":"/readyz","status":200,"body":{"instance":"ws3-1b489d2e-c5a8-4f24-9bf4-46bb2c1e16a6","ready":true,"draining":false,"reason":"subscribed","changedAt":"2026-09-05T15:31:59.427Z","redis":{"status":"ready","subscribed":true}}}
{"scenario":"ws3-subscription-ack","action":"Redis-subscriber-count","elapsedMs":1025.7898079999995,"count":1}
{"scenario":"ws3-subscription-ack","action":"client-open","elapsedMs":1045.7726190000003,"id":"after-ack","instanceId":"ws3-1b489d2e-c5a8-4f24-9bf4-46bb2c1e16a6"}
{"scenario":"ws3-subscription-ack","action":"subscription-ack","elapsedMs":1066.46861,"client":"after-ack"}
{"scenario":"ws3-subscription-ack","action":"published","elapsedMs":1066.8036759999995,"id":"98f289cc-beb2-41c7-8681-7f204b6b6764/0","label":"ack-gated-delivery","redisSubscribers":1}
{"scenario":"ws3-subscription-ack","action":"client-close","elapsedMs":1337.4430620000003,"id":"after-ack","code":1006,"reason":""}
{"scenario":"ws3-subscription-ack","action":"process-exit","elapsedMs":1341.265219,"role":"ws3-server","pid":10335,"code":null,"signal":"SIGKILL"}
{"scenario":"ws3-subscription-ack","action":"process-exit","elapsedMs":1358.670776,"role":"redis","pid":10329,"code":null,"signal":"SIGKILL"}
{"scenario":"ws3-subscription-ack","action":"owned-resources-cleaned","elapsedMs":1377.8206890000001}
