{"action":"both-processes-live-and-subscribed","elapsedMs":460.8787}
{"action":"control-acknowledged","elapsedMs":492.56680000000006,"client":"A-shared-1","operation":"subscribe","channel":"ws1b:73185e26-f74d-464e-b71f-af3ab83ca525:shared"}
{"action":"control-acknowledged","elapsedMs":492.5798,"client":"A-shared-2","operation":"subscribe","channel":"ws1b:73185e26-f74d-464e-b71f-af3ab83ca525:shared"}
{"action":"control-acknowledged","elapsedMs":492.5873,"client":"A-private","operation":"subscribe","channel":"ws1b:73185e26-f74d-464e-b71f-af3ab83ca525:A"}
{"action":"control-acknowledged","elapsedMs":492.59530000000007,"client":"B-shared-1","operation":"subscribe","channel":"ws1b:73185e26-f74d-464e-b71f-af3ab83ca525:shared"}
{"action":"control-acknowledged","elapsedMs":492.60159999999996,"client":"B-shared-2","operation":"subscribe","channel":"ws1b:73185e26-f74d-464e-b71f-af3ab83ca525:shared"}
{"action":"control-acknowledged","elapsedMs":492.6181,"client":"B-private","operation":"subscribe","channel":"ws1b:73185e26-f74d-464e-b71f-af3ab83ca525:B"}
{"action":"all-six-clients-ready","elapsedMs":492.6222}
{"action":"publish-once","elapsedMs":492.7432,"seq":0,"channel":"ws1b:73185e26-f74d-464e-b71f-af3ab83ca525:shared","recipients":["A-shared-1","A-shared-2","B-shared-1","B-shared-2"]}
{"action":"publish-once","elapsedMs":493.0167,"seq":1,"channel":"ws1b:73185e26-f74d-464e-b71f-af3ab83ca525:A","recipients":["A-private"]}
{"action":"publish-once","elapsedMs":493.11670000000004,"seq":2,"channel":"ws1b:73185e26-f74d-464e-b71f-af3ab83ca525:B","recipients":["B-private"]}
{"action":"publish-once","elapsedMs":493.18399999999997,"seq":3,"channel":"ws1b:73185e26-f74d-464e-b71f-af3ab83ca525:empty","recipients":[]}
{"action":"received","elapsedMs":494.04730000000006,"client":"A-shared-1","message":{"type":"event","channel":"ws1b:73185e26-f74d-464e-b71f-af3ab83ca525:shared","data":{"runId":"73185e26-f74d-464e-b71f-af3ab83ca525","seq":0,"label":"shared","value":42},"publishedAt":1788576925203,"relayedBy":"ws-1a-439c75e4-a287-4ccf-a365-19e03d55ec08","relayedAt":1788576925204}}
{"action":"received","elapsedMs":494.14020000000005,"client":"B-shared-1","message":{"type":"event","channel":"ws1b:73185e26-f74d-464e-b71f-af3ab83ca525:shared","data":{"runId":"73185e26-f74d-464e-b71f-af3ab83ca525","seq":0,"label":"shared","value":42},"publishedAt":1788576925203,"relayedBy":"ws-1a-1154e6ba-7b41-4a6a-9e70-ede391454ad5","relayedAt":1788576925203}}
{"action":"received","elapsedMs":494.26110000000006,"client":"B-shared-2","message":{"type":"event","channel":"ws1b:73185e26-f74d-464e-b71f-af3ab83ca525:shared","data":{"runId":"73185e26-f74d-464e-b71f-af3ab83ca525","seq":0,"label":"shared","value":42},"publishedAt":1788576925203,"relayedBy":"ws-1a-1154e6ba-7b41-4a6a-9e70-ede391454ad5","relayedAt":1788576925203}}
{"action":"received","elapsedMs":494.37260000000003,"client":"A-shared-2","message":{"type":"event","channel":"ws1b:73185e26-f74d-464e-b71f-af3ab83ca525:shared","data":{"runId":"73185e26-f74d-464e-b71f-af3ab83ca525","seq":0,"label":"shared","value":42},"publishedAt":1788576925203,"relayedBy":"ws-1a-439c75e4-a287-4ccf-a365-19e03d55ec08","relayedAt":1788576925204}}
{"action":"received","elapsedMs":494.44489999999996,"client":"A-private","message":{"type":"event","channel":"ws1b:73185e26-f74d-464e-b71f-af3ab83ca525:A","data":{"runId":"73185e26-f74d-464e-b71f-af3ab83ca525","seq":1,"label":"A-only","value":42},"publishedAt":1788576925203,"relayedBy":"ws-1a-439c75e4-a287-4ccf-a365-19e03d55ec08","relayedAt":1788576925204}}
{"action":"received","elapsedMs":494.4832,"client":"B-private","message":{"type":"event","channel":"ws1b:73185e26-f74d-464e-b71f-af3ab83ca525:B","data":{"runId":"73185e26-f74d-464e-b71f-af3ab83ca525","seq":2,"label":"B-only","value":42},"publishedAt":1788576925203,"relayedBy":"ws-1a-1154e6ba-7b41-4a6a-9e70-ede391454ad5","relayedAt":1788576925204}}
{"action":"stage-verified","elapsedMs":715.1678,"stage":"cross-instance-and-channel-isolation","observationMs":200,"expected":6,"received":6,"missing":0,"duplicates":0,"unexpected":0}
{"action":"control-acknowledged","elapsedMs":735.6257,"client":"A-shared-1","operation":"unsubscribe","channel":"ws1b:73185e26-f74d-464e-b71f-af3ab83ca525:shared"}
{"action":"publish-once","elapsedMs":735.6610000000001,"seq":4,"channel":"ws1b:73185e26-f74d-464e-b71f-af3ab83ca525:shared","recipients":["A-shared-2","B-shared-1","B-shared-2"]}
{"action":"received","elapsedMs":736.6691,"client":"B-shared-1","message":{"type":"event","channel":"ws1b:73185e26-f74d-464e-b71f-af3ab83ca525:shared","data":{"runId":"73185e26-f74d-464e-b71f-af3ab83ca525","seq":4,"label":"after-A-unsubscribe","value":42},"publishedAt":1788576925445,"relayedBy":"ws-1a-1154e6ba-7b41-4a6a-9e70-ede391454ad5","relayedAt":1788576925446}}
{"action":"received","elapsedMs":736.7239,"client":"A-shared-2","message":{"type":"event","channel":"ws1b:73185e26-f74d-464e-b71f-af3ab83ca525:shared","data":{"runId":"73185e26-f74d-464e-b71f-af3ab83ca525","seq":4,"label":"after-A-unsubscribe","value":42},"publishedAt":1788576925445,"relayedBy":"ws-1a-439c75e4-a287-4ccf-a365-19e03d55ec08","relayedAt":1788576925447}}
{"action":"received","elapsedMs":736.7603,"client":"B-shared-2","message":{"type":"event","channel":"ws1b:73185e26-f74d-464e-b71f-af3ab83ca525:shared","data":{"runId":"73185e26-f74d-464e-b71f-af3ab83ca525","seq":4,"label":"after-A-unsubscribe","value":42},"publishedAt":1788576925445,"relayedBy":"ws-1a-1154e6ba-7b41-4a6a-9e70-ede391454ad5","relayedAt":1788576925446}}
{"action":"stage-verified","elapsedMs":949.4852000000001,"stage":"unsubscribe-remains-local","observationMs":200,"expected":9,"received":9,"missing":0,"duplicates":0,"unexpected":0}
{"action":"control-acknowledged","elapsedMs":963.2746999999999,"client":"A-shared-1","operation":"subscribe","channel":"ws1b:73185e26-f74d-464e-b71f-af3ab83ca525:shared"}
{"action":"control-acknowledged","elapsedMs":977.3664000000001,"client":"A-shared-1","operation":"subscribe","channel":"ws1b:73185e26-f74d-464e-b71f-af3ab83ca525:shared"}
{"action":"publish-once","elapsedMs":977.3995,"seq":5,"channel":"ws1b:73185e26-f74d-464e-b71f-af3ab83ca525:shared","recipients":["A-shared-1","A-shared-2","B-shared-1","B-shared-2"]}
{"action":"received","elapsedMs":978.5543,"client":"B-shared-1","message":{"type":"event","channel":"ws1b:73185e26-f74d-464e-b71f-af3ab83ca525:shared","data":{"runId":"73185e26-f74d-464e-b71f-af3ab83ca525","seq":5,"label":"after-repeat-subscribe","value":42},"publishedAt":1788576925687,"relayedBy":"ws-1a-1154e6ba-7b41-4a6a-9e70-ede391454ad5","relayedAt":1788576925688}}
{"action":"received","elapsedMs":978.5961,"client":"A-shared-2","message":{"type":"event","channel":"ws1b:73185e26-f74d-464e-b71f-af3ab83ca525:shared","data":{"runId":"73185e26-f74d-464e-b71f-af3ab83ca525","seq":5,"label":"after-repeat-subscribe","value":42},"publishedAt":1788576925687,"relayedBy":"ws-1a-439c75e4-a287-4ccf-a365-19e03d55ec08","relayedAt":1788576925689}}
{"action":"received","elapsedMs":978.6277,"client":"A-shared-1","message":{"type":"event","channel":"ws1b:73185e26-f74d-464e-b71f-af3ab83ca525:shared","data":{"runId":"73185e26-f74d-464e-b71f-af3ab83ca525","seq":5,"label":"after-repeat-subscribe","value":42},"publishedAt":1788576925687,"relayedBy":"ws-1a-439c75e4-a287-4ccf-a365-19e03d55ec08","relayedAt":1788576925689}}
{"action":"received","elapsedMs":978.6528000000001,"client":"B-shared-2","message":{"type":"event","channel":"ws1b:73185e26-f74d-464e-b71f-af3ab83ca525:shared","data":{"runId":"73185e26-f74d-464e-b71f-af3ab83ca525","seq":5,"label":"after-repeat-subscribe","value":42},"publishedAt":1788576925687,"relayedBy":"ws-1a-1154e6ba-7b41-4a6a-9e70-ede391454ad5","relayedAt":1788576925688}}
{"action":"stage-verified","elapsedMs":1193.6388,"stage":"repeat-subscription-has-no-duplicate","observationMs":200,"expected":13,"received":13,"missing":0,"duplicates":0,"unexpected":0}
{"action":"both-processes-and-six-sockets-still-live","elapsedMs":1194.4397}
{"action":"cleanup-completed","elapsedMs":1210.9886}
{"status":"PASSED","failures":[],"accounting":{"expected":13,"received":13,"missing":0,"duplicates":0,"unexpected":0}}
