{"scenario":"recovery","action":"process-started","elapsedMs":9.643264999999928,"role":"redis","pid":3980}
{"scenario":"recovery","action":"process-started","elapsedMs":46.72722599999997,"role":"A","pid":3990}
{"scenario":"recovery","action":"process-started","elapsedMs":957.2258949999998,"role":"B","pid":4009}
{"scenario":"recovery","action":"Redis-subscriber-count","elapsedMs":1845.830291,"count":2}
{"scenario":"recovery","action":"client-open","elapsedMs":1869.0788449999998,"id":"a","instanceId":"ws2-A-d29c019e-7a3c-45be-8ec7-3b64988b72f1"}
{"scenario":"recovery","action":"client-open","elapsedMs":1889.4052399999998,"id":"b","instanceId":"ws2-B-cd9f8bf2-44a5-48cb-b890-f0d3eec3a9f9"}
{"scenario":"recovery","action":"subscription-ack","elapsedMs":1910.619223,"client":"a"}
{"scenario":"recovery","action":"subscription-ack","elapsedMs":1910.6444129999998,"client":"b"}
{"scenario":"recovery","action":"published","elapsedMs":1911.235754,"id":"b0e63b58-88e9-43f5-a483-c1683c4df53b/0","label":"before-failure","redisSubscribers":2}
{"scenario":"recovery","action":"signal","elapsedMs":1931.739907,"pid":3980,"signal":"SIGKILL"}
{"scenario":"recovery","action":"process-exit","elapsedMs":1933.976006,"role":"redis","pid":3980,"code":null,"signal":"SIGKILL"}
{"scenario":"recovery","action":"outage-publish-rejected","elapsedMs":2352.29478,"policy":"fail-fast publisher, no offline queue or retry; no accepted publication claimed"}
{"scenario":"recovery","action":"process-started","elapsedMs":2400.527064,"role":"redis","pid":4023}
{"scenario":"recovery","action":"Redis-subscriber-count","elapsedMs":2549.3566390000005,"count":2}
{"scenario":"recovery","action":"published","elapsedMs":2549.6745900000005,"id":"b0e63b58-88e9-43f5-a483-c1683c4df53b/1","label":"after-Redis-recovery","redisSubscribers":2}
{"scenario":"recovery","action":"client-close","elapsedMs":2821.1323520000005,"id":"b","code":1006,"reason":""}
{"scenario":"recovery","action":"client-close","elapsedMs":2821.212391,"id":"a","code":1006,"reason":""}
{"scenario":"recovery","action":"process-exit","elapsedMs":2822.079739,"role":"redis","pid":4023,"code":null,"signal":"SIGKILL"}
{"scenario":"recovery","action":"process-exit","elapsedMs":2844.3482670000003,"role":"B","pid":4009,"code":null,"signal":"SIGKILL"}
{"scenario":"recovery","action":"process-exit","elapsedMs":2869.1831899999997,"role":"A","pid":3990,"code":null,"signal":"SIGKILL"}
{"scenario":"recovery","action":"owned-resources-cleaned","elapsedMs":2880.510241}
{"scenario":"crash","action":"process-started","elapsedMs":1.6792560000003505,"role":"redis","pid":4029}
{"scenario":"crash","action":"process-started","elapsedMs":26.10003400000005,"role":"A","pid":4035}
{"scenario":"crash","action":"process-started","elapsedMs":895.2296329999999,"role":"B","pid":4047}
{"scenario":"crash","action":"Redis-subscriber-count","elapsedMs":1760.0591520000007,"count":2}
{"scenario":"crash","action":"client-open","elapsedMs":1781.1574960000007,"id":"a","instanceId":"ws2-A-aa61fbb3-9679-4be5-85f6-7efc1c1e7814"}
{"scenario":"crash","action":"client-open","elapsedMs":1802.3004600000004,"id":"b","instanceId":"ws2-B-139b9a9c-c4d8-4ee9-b709-a528f8bea6ff"}
{"scenario":"crash","action":"subscription-ack","elapsedMs":1823.0065400000003,"client":"a"}
{"scenario":"crash","action":"subscription-ack","elapsedMs":1823.0219100000004,"client":"b"}
{"scenario":"crash","action":"published","elapsedMs":1823.3621950000006,"id":"f6ea05db-29b5-4967-a425-c3a7fb4b40b6/0","label":"before-failure","redisSubscribers":2}
{"scenario":"crash","action":"signal","elapsedMs":1844.2617230000005,"pid":4035,"signal":"SIGKILL"}
{"scenario":"crash","action":"client-close","elapsedMs":1848.487983,"id":"a","code":1006,"reason":""}
{"scenario":"crash","action":"process-exit","elapsedMs":1848.667171,"role":"A","pid":4035,"code":null,"signal":"SIGKILL"}
{"scenario":"crash","action":"Redis-subscriber-count","elapsedMs":1865.250489,"count":1}
{"scenario":"crash","action":"published","elapsedMs":1865.4901950000003,"id":"f6ea05db-29b5-4967-a425-c3a7fb4b40b6/1","label":"while-A-is-down","redisSubscribers":1}
{"scenario":"crash","action":"process-started","elapsedMs":1888.9094670000004,"role":"A-replacement","pid":4059}
{"scenario":"crash","action":"Redis-subscriber-count","elapsedMs":2778.3961120000004,"count":2}
{"scenario":"crash","action":"client-open","elapsedMs":2798.857516,"id":"a-reconnected","instanceId":"ws2-A-replacement-1a5a22f0-42d4-4a59-909c-3c0833fc4a31"}
{"scenario":"crash","action":"published","elapsedMs":2799.196661,"id":"f6ea05db-29b5-4967-a425-c3a7fb4b40b6/2","label":"before-explicit-resubscribe","redisSubscribers":2}
{"scenario":"crash","action":"subscription-ack","elapsedMs":2990.0417780000007,"client":"a-reconnected"}
{"scenario":"crash","action":"published","elapsedMs":2990.483572,"id":"f6ea05db-29b5-4967-a425-c3a7fb4b40b6/3","label":"after-explicit-resubscribe","redisSubscribers":2}
{"scenario":"crash","action":"client-close","elapsedMs":3262.2383960000006,"id":"a-reconnected","code":1006,"reason":""}
{"scenario":"crash","action":"client-close","elapsedMs":3262.2678450000003,"id":"b","code":1006,"reason":""}
{"scenario":"crash","action":"process-exit","elapsedMs":3266.111602,"role":"A-replacement","pid":4059,"code":null,"signal":"SIGKILL"}
{"scenario":"crash","action":"process-exit","elapsedMs":3286.580205,"role":"B","pid":4047,"code":null,"signal":"SIGKILL"}
{"scenario":"crash","action":"process-exit","elapsedMs":3303.8647630000005,"role":"redis","pid":4029,"code":null,"signal":"SIGKILL"}
{"scenario":"crash","action":"owned-resources-cleaned","elapsedMs":3323.012675}
{"scenario":"drain","action":"process-started","elapsedMs":1.8753640000004452,"role":"redis","pid":4078}
{"scenario":"drain","action":"process-started","elapsedMs":25.73968000000059,"role":"A","pid":4084}
{"scenario":"drain","action":"process-started","elapsedMs":894.691393000001,"role":"B","pid":4100}
{"scenario":"drain","action":"Redis-subscriber-count","elapsedMs":1760.7733550000012,"count":2}
{"scenario":"drain","action":"client-open","elapsedMs":1781.8416500000003,"id":"a","instanceId":"ws2-A-942d882a-a42f-4a35-a66b-eccdbeccafc2"}
{"scenario":"drain","action":"client-open","elapsedMs":1803.035804000001,"id":"b","instanceId":"ws2-B-b6ca5bb8-ef14-42a3-877d-7e75ecdfc37d"}
{"scenario":"drain","action":"subscription-ack","elapsedMs":1823.743853,"client":"a"}
{"scenario":"drain","action":"subscription-ack","elapsedMs":1823.7559130000009,"client":"b"}
{"scenario":"drain","action":"published","elapsedMs":1824.073069,"id":"27da8050-9c5a-4923-ad9f-0dff00552101/0","label":"before-failure","redisSubscribers":2}
{"scenario":"drain","action":"signal","elapsedMs":1843.7231140000004,"pid":4084,"signal":"SIGTERM"}
{"scenario":"drain","action":"client-close","elapsedMs":1845.820984,"id":"a","code":1001,"reason":"server shutting down"}
{"scenario":"drain","action":"process-exit","elapsedMs":1853.2534400000004,"role":"A","pid":4084,"code":0,"signal":null}
{"scenario":"drain","action":"Redis-subscriber-count","elapsedMs":1863.8166820000006,"count":1}
{"scenario":"drain","action":"published","elapsedMs":1864.0593879999997,"id":"27da8050-9c5a-4923-ad9f-0dff00552101/1","label":"while-A-drained","redisSubscribers":1}
{"scenario":"drain","action":"client-open","elapsedMs":1903.917590000001,"id":"a-on-B","instanceId":"ws2-B-b6ca5bb8-ef14-42a3-877d-7e75ecdfc37d"}
{"scenario":"drain","action":"published","elapsedMs":1904.2512160000006,"id":"27da8050-9c5a-4923-ad9f-0dff00552101/2","label":"before-client-resubscribe","redisSubscribers":1}
{"scenario":"drain","action":"subscription-ack","elapsedMs":2095.908711,"client":"a-on-B"}
{"scenario":"drain","action":"published","elapsedMs":2096.2919249999995,"id":"27da8050-9c5a-4923-ad9f-0dff00552101/3","label":"after-client-resubscribe","redisSubscribers":1}
{"scenario":"drain","action":"client-close","elapsedMs":2367.881273000001,"id":"a-on-B","code":1006,"reason":""}
{"scenario":"drain","action":"client-close","elapsedMs":2367.9138029999995,"id":"b","code":1006,"reason":""}
{"scenario":"drain","action":"process-exit","elapsedMs":2371.944456000001,"role":"B","pid":4100,"code":null,"signal":"SIGKILL"}
{"scenario":"drain","action":"process-exit","elapsedMs":2388.9945069999994,"role":"redis","pid":4078,"code":null,"signal":"SIGKILL"}
{"scenario":"drain","action":"owned-resources-cleaned","elapsedMs":2409.1594160000004}
{"scenario":"forced-drain","action":"process-started","elapsedMs":1.8170250000002852,"role":"redis","pid":4112}
{"scenario":"forced-drain","action":"process-started","elapsedMs":26.469633999999132,"role":"A","pid":4118}
{"scenario":"forced-drain","action":"client-open","elapsedMs":955.8250069999995,"id":"non-cooperating","instanceId":"ws2-A-f6a29398-de9d-47b3-9f6a-e97dab828cb9"}
{"scenario":"forced-drain","action":"subscription-ack","elapsedMs":976.7396939999999,"client":"non-cooperating"}
{"scenario":"forced-drain","action":"client-read-paused","elapsedMs":976.9367220000004,"client":"non-cooperating","purpose":"withhold close handshake"}
{"scenario":"forced-drain","action":"signal","elapsedMs":976.9603110000007,"pid":4118,"signal":"SIGTERM"}
{"scenario":"forced-drain","action":"client-close","elapsedMs":1000.553441,"id":"connection-during-drain","code":1006,"reason":""}
{"scenario":"forced-drain","action":"new-connection-rejected-during-drain","elapsedMs":1019.1039810000002}
{"scenario":"forced-drain","action":"process-exit","elapsedMs":10986.007618999998,"role":"A","pid":4118,"code":1,"signal":null}
{"scenario":"forced-drain","action":"client-close","elapsedMs":10994.791166,"id":"non-cooperating","code":1001,"reason":"server shutting down"}
{"scenario":"forced-drain","action":"Redis-subscriber-count","elapsedMs":11015.475696,"count":0}
{"scenario":"forced-drain","action":"process-exit","elapsedMs":11267.300229999999,"role":"redis","pid":4112,"code":null,"signal":"SIGKILL"}
{"scenario":"forced-drain","action":"owned-resources-cleaned","elapsedMs":11286.455340999999}
{"scenario":"backpressure","action":"process-started","elapsedMs":2.051582000000053,"role":"redis","pid":4162}
{"scenario":"backpressure","action":"process-started","elapsedMs":27.53902999999991,"role":"slow-consumer-server","pid":4168}
{"scenario":"backpressure","action":"client-open","elapsedMs":996.304197999998,"id":"healthy","instanceId":"ws2-slow-consumer-server-a83c3ab5-12a3-4adc-bd93-531bd5f95365"}
{"scenario":"backpressure","action":"client-open","elapsedMs":1017.3475339999968,"id":"paused","instanceId":"ws2-slow-consumer-server-a83c3ab5-12a3-4adc-bd93-531bd5f95365"}
{"scenario":"backpressure","action":"subscription-ack","elapsedMs":1038.144261999998,"client":"healthy"}
{"scenario":"backpressure","action":"subscription-ack","elapsedMs":1038.1568219999972,"client":"paused"}
{"scenario":"backpressure","action":"published","elapsedMs":1038.4648869999983,"id":"53536dfb-82ef-42d0-929e-c9f8e724840b/0","label":"both-ready","redisSubscribers":1}
{"scenario":"backpressure","action":"client-read-paused","elapsedMs":1059.198397,"client":"paused","purpose":"real TCP receive backpressure"}
{"scenario":"backpressure","action":"published","elapsedMs":1063.9119599999976,"id":"53536dfb-82ef-42d0-929e-c9f8e724840b/1","label":"pressure-0","redisSubscribers":1}
{"scenario":"backpressure","action":"published","elapsedMs":1086.7897999999986,"id":"53536dfb-82ef-42d0-929e-c9f8e724840b/2","label":"pressure-1","redisSubscribers":1}
{"scenario":"backpressure","action":"published","elapsedMs":1109.112836999997,"id":"53536dfb-82ef-42d0-929e-c9f8e724840b/3","label":"pressure-2","redisSubscribers":1}
{"scenario":"backpressure","action":"published","elapsedMs":1131.139998999999,"id":"53536dfb-82ef-42d0-929e-c9f8e724840b/4","label":"pressure-3","redisSubscribers":1}
{"scenario":"backpressure","action":"published","elapsedMs":1152.571258,"id":"53536dfb-82ef-42d0-929e-c9f8e724840b/5","label":"pressure-4","redisSubscribers":1}
{"scenario":"backpressure","action":"published","elapsedMs":1175.223630999997,"id":"53536dfb-82ef-42d0-929e-c9f8e724840b/6","label":"pressure-5","redisSubscribers":1}
{"scenario":"backpressure","action":"published","elapsedMs":1196.8725079999967,"id":"53536dfb-82ef-42d0-929e-c9f8e724840b/7","label":"pressure-6","redisSubscribers":1}
{"scenario":"backpressure","action":"published","elapsedMs":1218.100320999998,"id":"53536dfb-82ef-42d0-929e-c9f8e724840b/8","label":"pressure-7","redisSubscribers":1}
{"scenario":"backpressure","action":"published","elapsedMs":1239.713996999999,"id":"53536dfb-82ef-42d0-929e-c9f8e724840b/9","label":"pressure-8","redisSubscribers":1}
{"scenario":"backpressure","action":"published","elapsedMs":1262.1537040000003,"id":"53536dfb-82ef-42d0-929e-c9f8e724840b/10","label":"pressure-9","redisSubscribers":1}
{"scenario":"backpressure","action":"published","elapsedMs":1283.1911579999978,"id":"53536dfb-82ef-42d0-929e-c9f8e724840b/11","label":"pressure-10","redisSubscribers":1}
{"scenario":"backpressure","action":"published","elapsedMs":1304.4158419999985,"id":"53536dfb-82ef-42d0-929e-c9f8e724840b/12","label":"pressure-11","redisSubscribers":1}
{"scenario":"backpressure","action":"published","elapsedMs":1326.106678,"id":"53536dfb-82ef-42d0-929e-c9f8e724840b/13","label":"pressure-12","redisSubscribers":1}
{"scenario":"backpressure","action":"published","elapsedMs":1346.7838679999986,"id":"53536dfb-82ef-42d0-929e-c9f8e724840b/14","label":"pressure-13","redisSubscribers":1}
{"scenario":"backpressure","action":"published","elapsedMs":1368.2195269999975,"id":"53536dfb-82ef-42d0-929e-c9f8e724840b/15","label":"pressure-14","redisSubscribers":1}
{"scenario":"backpressure","action":"published","elapsedMs":1389.6929369999998,"id":"53536dfb-82ef-42d0-929e-c9f8e724840b/16","label":"pressure-15","redisSubscribers":1}
{"scenario":"backpressure","action":"published","elapsedMs":1410.718711999998,"id":"53536dfb-82ef-42d0-929e-c9f8e724840b/17","label":"pressure-16","redisSubscribers":1}
{"scenario":"backpressure","action":"published","elapsedMs":1431.6877179999974,"id":"53536dfb-82ef-42d0-929e-c9f8e724840b/18","label":"pressure-17","redisSubscribers":1}
{"scenario":"backpressure","action":"published","elapsedMs":1452.6618539999981,"id":"53536dfb-82ef-42d0-929e-c9f8e724840b/19","label":"pressure-18","redisSubscribers":1}
{"scenario":"backpressure","action":"published","elapsedMs":1473.7573589999993,"id":"53536dfb-82ef-42d0-929e-c9f8e724840b/20","label":"pressure-19","redisSubscribers":1}
{"scenario":"backpressure","action":"published","elapsedMs":1494.8606929999987,"id":"53536dfb-82ef-42d0-929e-c9f8e724840b/21","label":"pressure-20","redisSubscribers":1}
{"scenario":"backpressure","action":"published","elapsedMs":1516.167695,"id":"53536dfb-82ef-42d0-929e-c9f8e724840b/22","label":"pressure-21","redisSubscribers":1}
{"scenario":"backpressure","action":"published","elapsedMs":1536.9465339999988,"id":"53536dfb-82ef-42d0-929e-c9f8e724840b/23","label":"pressure-22","redisSubscribers":1}
{"scenario":"backpressure","action":"published","elapsedMs":1558.6485299999986,"id":"53536dfb-82ef-42d0-929e-c9f8e724840b/24","label":"pressure-23","redisSubscribers":1}
{"scenario":"backpressure","action":"published","elapsedMs":1580.4183449999982,"id":"53536dfb-82ef-42d0-929e-c9f8e724840b/25","label":"pressure-24","redisSubscribers":1}
{"scenario":"backpressure","action":"published","elapsedMs":1603.1742559999984,"id":"53536dfb-82ef-42d0-929e-c9f8e724840b/26","label":"pressure-25","redisSubscribers":1}
{"scenario":"backpressure","action":"published","elapsedMs":1624.5986859999975,"id":"53536dfb-82ef-42d0-929e-c9f8e724840b/27","label":"pressure-26","redisSubscribers":1}
{"scenario":"backpressure","action":"published","elapsedMs":1646.3661709999978,"id":"53536dfb-82ef-42d0-929e-c9f8e724840b/28","label":"pressure-27","redisSubscribers":1}
{"scenario":"backpressure","action":"published","elapsedMs":1668.3386529999989,"id":"53536dfb-82ef-42d0-929e-c9f8e724840b/29","label":"pressure-28","redisSubscribers":1}
{"scenario":"backpressure","action":"published","elapsedMs":1690.0121599999984,"id":"53536dfb-82ef-42d0-929e-c9f8e724840b/30","label":"pressure-29","redisSubscribers":1}
{"scenario":"backpressure","action":"published","elapsedMs":1711.067734999997,"id":"53536dfb-82ef-42d0-929e-c9f8e724840b/31","label":"pressure-30","redisSubscribers":1}
{"scenario":"backpressure","action":"published","elapsedMs":1732.82402,"id":"53536dfb-82ef-42d0-929e-c9f8e724840b/32","label":"pressure-31","redisSubscribers":1}
{"scenario":"backpressure","action":"published","elapsedMs":1754.5294759999997,"id":"53536dfb-82ef-42d0-929e-c9f8e724840b/33","label":"pressure-32","redisSubscribers":1}
{"scenario":"backpressure","action":"published","elapsedMs":1776.1268729999974,"id":"53536dfb-82ef-42d0-929e-c9f8e724840b/34","label":"pressure-33","redisSubscribers":1}
{"scenario":"backpressure","action":"published","elapsedMs":1796.853372999998,"id":"53536dfb-82ef-42d0-929e-c9f8e724840b/35","label":"pressure-34","redisSubscribers":1}
{"scenario":"backpressure","action":"published","elapsedMs":1818.515399,"id":"53536dfb-82ef-42d0-929e-c9f8e724840b/36","label":"pressure-35","redisSubscribers":1}
{"scenario":"backpressure","action":"published","elapsedMs":1840.2412960000001,"id":"53536dfb-82ef-42d0-929e-c9f8e724840b/37","label":"pressure-36","redisSubscribers":1}
{"scenario":"backpressure","action":"published","elapsedMs":1862.04392,"id":"53536dfb-82ef-42d0-929e-c9f8e724840b/38","label":"pressure-37","redisSubscribers":1}
{"scenario":"backpressure","action":"published","elapsedMs":1882.7447399999983,"id":"53536dfb-82ef-42d0-929e-c9f8e724840b/39","label":"pressure-38","redisSubscribers":1}
{"scenario":"backpressure","action":"published","elapsedMs":1904.4845249999998,"id":"53536dfb-82ef-42d0-929e-c9f8e724840b/40","label":"pressure-39","redisSubscribers":1}
{"scenario":"backpressure","action":"published","elapsedMs":1925.943754,"id":"53536dfb-82ef-42d0-929e-c9f8e724840b/41","label":"pressure-40","redisSubscribers":1}
{"scenario":"backpressure","action":"published","elapsedMs":1946.6649939999988,"id":"53536dfb-82ef-42d0-929e-c9f8e724840b/42","label":"pressure-41","redisSubscribers":1}
{"scenario":"backpressure","action":"published","elapsedMs":1968.3966999999975,"id":"53536dfb-82ef-42d0-929e-c9f8e724840b/43","label":"pressure-42","redisSubscribers":1}
{"scenario":"backpressure","action":"published","elapsedMs":1989.862968999998,"id":"53536dfb-82ef-42d0-929e-c9f8e724840b/44","label":"pressure-43","redisSubscribers":1}
{"scenario":"backpressure","action":"published","elapsedMs":2010.485569999997,"id":"53536dfb-82ef-42d0-929e-c9f8e724840b/45","label":"pressure-44","redisSubscribers":1}
{"scenario":"backpressure","action":"published","elapsedMs":2032.1634769999982,"id":"53536dfb-82ef-42d0-929e-c9f8e724840b/46","label":"pressure-45","redisSubscribers":1}
{"scenario":"backpressure","action":"client-close","elapsedMs":2064.2324369999988,"id":"paused","code":1006,"reason":""}
{"scenario":"backpressure","action":"published","elapsedMs":2073.785838,"id":"53536dfb-82ef-42d0-929e-c9f8e724840b/47","label":"healthy-still-receives-after-kick","redisSubscribers":1}
{"scenario":"backpressure","action":"client-close","elapsedMs":2345.7333639999997,"id":"healthy","code":1006,"reason":""}
{"scenario":"backpressure","action":"process-exit","elapsedMs":2350.3621399999975,"role":"slow-consumer-server","pid":4168,"code":null,"signal":"SIGKILL"}
{"scenario":"backpressure","action":"process-exit","elapsedMs":2366.6987309999968,"role":"redis","pid":4162,"code":null,"signal":"SIGKILL"}
{"scenario":"backpressure","action":"owned-resources-cleaned","elapsedMs":2385.872801999998}
{"status":"PASSED","scenarios":[{"scenario":"recovery","status":"PASSED","failures":[]},{"scenario":"crash","status":"PASSED","failures":[]},{"scenario":"drain","status":"PASSED","failures":[]},{"scenario":"forced-drain","status":"PASSED","failures":[]},{"scenario":"backpressure","status":"PASSED","failures":[]}]}
